===== Training step 1 =====
Parameters: {'mu': 5.928446182250184, 'nu': 8.442657485810175}
Total training relative RMSE: 4.999798954243398
===== Training step 2 =====
Parameters: {'mu': 8.57945617622757, 'nu': 8.472517387841256}
Total training relative RMSE: 4.999881344267807
===== Training step 3 =====
Parameters: {'mu': 6.235636967859724, 'nu': 3.843817072926999}
Total training relative RMSE: 4.99977510535887
===== Training step 4 =====
Parameters: {'mu': 2.9753460654447235, 'nu': 0.5671297731744319}
Total training relative RMSE: 2.725890001052522
===== Training step 5 =====
Parameters: {'mu': 2.7265629458011325, 'nu': 4.7766511732135}
Total training relative RMSE: 5.000419802576156
===== Training step 6 =====
Parameters: {'mu': 8.121687287754932, 'nu': 4.799771723750574}
Total training relative RMSE: 4.99980953251776
===== Training step 7 =====
Parameters: {'mu': 3.927847961008298, 'nu': 8.360787635373777}
Total training relative RMSE: 5.000126208364561
===== Training step 8 =====
Parameters: {'mu': 3.3739616041726843, 'nu': 6.4817187205119735}
Total training relative RMSE: 5.00025984319905
===== Training step 9 =====
Parameters: {'mu': 3.6824153984054804, 'nu': 9.571551589530465}
Total training relative RMSE: 5.0001803855776075
===== Training step 10 =====
Parameters: {'mu': 1.4035078041264517, 'nu': 8.700872583584365}
Total training relative RMSE: 5.000420721063675
===== Training step 11 =====
Parameters: {'mu': 1.0590760718779215, 'nu': 3.1218988470880276}
Total training relative RMSE: 5.00047539216599
===== Training step 12 =====
Parameters: {'mu': 3.0016836846745814, 'nu': 1.2505440660003355}
Total training relative RMSE: 4.999608970392119
===== Training step 13 =====
Parameters: {'mu': 3.0727341109573554, 'nu': 3.1426235112366236}
Total training relative RMSE: 5.000385553873111
===== Training step 14 =====
Parameters: {'mu': 3.0574463812677704, 'nu': 0.7474127586203695}
Total training relative RMSE: 3.4869610406652845
===== Training step 15 =====
Parameters: {'mu': 2.4483612495180034, 'nu': 0.30681410445203344}
Total training relative RMSE: 4.445950550559432
===== Training step 16 =====
Parameters: {'mu': 2.9956522378421586, 'nu': 0.4320123063380921}
Total training relative RMSE: 3.5218638512388347
===== Training step 17 =====
Parameters: {'mu': 2.6587895261296106, 'nu': 0.36715254925117186}
Total training relative RMSE: 4.145647255271383
===== Training step 18 =====
Parameters: {'mu': 2.91990289704033, 'nu': 0.5940837592750093}
Total training relative RMSE: 2.638319763408076
===== Training step 19 =====
Parameters: {'mu': 2.7020660369949216, 'nu': 0.6445129050526378}
Total training relative RMSE: 2.5587402759220805
===== Training step 20 =====
Parameters: {'mu': 3.110980817915347, 'nu': 0.6350571974500553}
Total training relative RMSE: 2.5800412410938525
===== Training step 21 =====
Parameters: {'mu': 2.933499918579781, 'nu': 0.6251900091486741}
Total training relative RMSE: 2.5506481515852517
===== Training step 22 =====
Parameters: {'mu': 2.9403979861379055, 'nu': 0.6098977141484919}
Total training relative RMSE: 2.5778692630698554
===== Training step 23 =====
Parameters: {'mu': 2.907031326372071, 'nu': 0.6483523547782201}
Total training relative RMSE: 2.546538750808096
===== Training step 24 =====
Parameters: {'mu': 2.926030963355464, 'nu': 0.6763969854910513}
Total training relative RMSE: 2.6330668876385857
===== Training step 25 =====
Parameters: {'mu': 2.8881159019777165, 'nu': 0.6550206648244307}
Total training relative RMSE: 2.550280679538835
===== Training step 26 =====
Parameters: {'mu': 2.9527246140771153, 'nu': 0.6280503151300166}
Total training relative RMSE: 2.547139134485796
===== Training step 27 =====
Parameters: {'mu': 2.8739580862093934, 'nu': 0.6446366859151432}
Total training relative RMSE: 2.5403152319244455
===== Training step 28 =====
Parameters: {'mu': 2.881606475926777, 'nu': 0.6255297022093887}
Total training relative RMSE: 2.5576086252993036
===== Training step 29 =====
Parameters: {'mu': 2.874082064818753, 'nu': 0.6469795123777634}
Total training relative RMSE: 2.540715218389573
===== Training step 30 =====
Parameters: {'mu': 2.851124280846162, 'nu': 0.7303344999716345}
Total training relative RMSE: 2.9797878639135895
===== Training step 31 =====
Parameters: {'mu': 2.7690839438953825, 'nu': 0.6289253180405298}
Total training relative RMSE: 2.581269169274491
===== Training step 32 =====
Parameters: {'mu': 2.8779816897880077, 'nu': 0.7969014868070491}
Total training relative RMSE: 4.01402833170965
===== Training step 33 =====
Parameters: {'mu': 5.381062572130189, 'nu': 0.6360077777680307}
Total training relative RMSE: 4.589557341806916
===== Training step 34 =====
Parameters: {'mu': 2.7730398032346697, 'nu': 0.6303813263738013}
Total training relative RMSE: 2.575324255198087
===== Training step 35 =====
Parameters: {'mu': 3.088105681990309, 'nu': 0.6280171350671561}
Total training relative RMSE: 2.5613089966366847
===== Training step 36 =====
Parameters: {'mu': 3.340283636786196, 'nu': 0.6335529839805744}
Total training relative RMSE: 2.6879204951002147
===== Training step 37 =====
Parameters: {'mu': 2.859946777909334, 'nu': 0.6268031178033796}
Total training relative RMSE: 2.559563982624895
===== Training step 38 =====
Parameters: {'mu': 2.8818478398949625, 'nu': 0.629473582419109}
Total training relative RMSE: 2.5509458362558846
===== Training step 39 =====
Parameters: {'mu': 2.984442616365626, 'nu': 0.6288644361466235}
Total training relative RMSE: 2.5473685266426718
===== Training step 40 =====
Parameters: {'mu': 4.260525607250714, 'nu': 0.6243822740449513}
Total training relative RMSE: 3.4375543277797127
===== Training step 41 =====
Parameters: {'mu': 0.9685179255149869, 'nu': 0.6268985276776641}
Total training relative RMSE: 4.675927213943925
===== Training step 42 =====
Parameters: {'mu': 2.373921217277685, 'nu': 0.6465887089029211}
Total training relative RMSE: 2.7667169846455226
===== Training step 43 =====
Parameters: {'mu': 2.419997222022671, 'nu': 0.6494892410319265}
Total training relative RMSE: 2.7026769070448067
===== Training step 44 =====
Parameters: {'mu': 2.858498046640385, 'nu': 0.6212037490342172}
Total training relative RMSE: 2.573001494053909
===== Training step 45 =====
Parameters: {'mu': 2.8497509245936166, 'nu': 0.6158885045842833}
Total training relative RMSE: 2.5916255046618133
===== Training step 46 =====
Parameters: {'mu': 2.8923401864277025, 'nu': 0.6319870102762138}
Total training relative RMSE: 2.546722020096461
===== Training step 47 =====
Parameters: {'mu': 0.677782316558523, 'nu': 0.6217977821562372}
Total training relative RMSE: 4.724422702025572
===== Training step 48 =====
Parameters: {'mu': 2.9113200387016285, 'nu': 0.6219431250807562}
Total training relative RMSE: 2.558514955547253
===== Training step 49 =====
Parameters: {'mu': 2.964410527994073, 'nu': 0.6202596603023437}
Total training relative RMSE: 2.5534685002363524
===== Training step 50 =====
Parameters: {'mu': 3.104701103847212, 'nu': 0.6279596967133362}
Total training relative RMSE: 2.5650013246840118
===== Training step 51 =====
Parameters: {'mu': 2.7696335711496407, 'nu': 0.6271614295994999}
Total training relative RMSE: 2.5868507095154536
===== Training step 52 =====
Parameters: {'mu': 3.113048794221904, 'nu': 0.622525622006347}
Total training relative RMSE: 2.560181009133705
===== Training step 53 =====
Parameters: {'mu': 2.805732797023899, 'nu': 0.6474680333878015}
Total training relative RMSE: 2.537684452094979
===== Training step 54 =====
Parameters: {'mu': 2.3295425323706067, 'nu': 0.6314607989958022}
Total training relative RMSE: 2.933953440918202
===== Training step 55 =====
Parameters: {'mu': 3.0007570267886434, 'nu': 0.6353299219411036}
Total training relative RMSE: 2.551788202078729
===== Training step 56 =====
Parameters: {'mu': 2.9222166371292606, 'nu': 0.64954073491323}
Total training relative RMSE: 2.551062431054426
===== Training step 57 =====
Parameters: {'mu': 2.7783125668116, 'nu': 0.6253180845954932}
Total training relative RMSE: 2.5894998261810476
===== Training step 58 =====
Parameters: {'mu': 2.967629303987462, 'nu': 0.6214388219049006}
Total training relative RMSE: 2.551840841572237
===== Training step 59 =====
Parameters: {'mu': 4.977254321025042, 'nu': 0.6435889289917852}
Total training relative RMSE: 4.370735037033981
===== Training step 60 =====
Parameters: {'mu': 3.230724769826592, 'nu': 0.6292373321967216}
Total training relative RMSE: 2.611856000549594
===== Training step 61 =====
Parameters: {'mu': 3.2250450559779726, 'nu': 0.6497809953822943}
Total training relative RMSE: 2.695477588022232
===== Training step 62 =====
Parameters: {'mu': 3.0070910651972986, 'nu': 0.5841070563183693}
Total training relative RMSE: 2.6329369817478177
===== Training step 63 =====
Parameters: {'mu': 2.72319383543614, 'nu': 0.6427349750113843}
Total training relative RMSE: 2.557206684101463
===== Training step 64 =====
Parameters: {'mu': 2.901030095315458, 'nu': 0.6141467963290727}
Total training relative RMSE: 2.5786841173642827
===== Training step 65 =====
Parameters: {'mu': 2.7698041275969105, 'nu': 0.6185648719774973}
Total training relative RMSE: 2.618544983038532
===== Training step 66 =====
Parameters: {'mu': 3.0648734224922998, 'nu': 0.6217470016152838}
Total training relative RMSE: 2.552599508226193
===== Training step 67 =====
Parameters: {'mu': 2.8812090571492495, 'nu': 0.6303558716140957}
Total training relative RMSE: 2.5497766527718473
===== Training step 68 =====
Parameters: {'mu': 2.7606134240870954, 'nu': 0.6228138052258526}
Total training relative RMSE: 2.606528337266631
===== Training step 69 =====
Parameters: {'mu': 2.912412920981134, 'nu': 0.6194395287715649}
Total training relative RMSE: 2.5631118915770714
===== Training step 70 =====
Parameters: {'mu': 2.955653632370057, 'nu': 0.6111596890688654}
Total training relative RMSE: 2.57066238274159
===== Training step 71 =====
Parameters: {'mu': 2.655750388960885, 'nu': 0.6317875015963094}
Total training relative RMSE: 2.6252711572014644
===== Training step 72 =====
Parameters: {'mu': 3.0062272569483834, 'nu': 0.6192380836863399}
Total training relative RMSE: 2.551466899134728
===== Training step 73 =====
Parameters: {'mu': 3.0489759087578543, 'nu': 0.6453856715544016}
Total training relative RMSE: 2.5827766957332132
===== Training step 74 =====
Parameters: {'mu': 2.7307273034792883, 'nu': 0.6301408386853226}
Total training relative RMSE: 2.5931985243952145
===== Training step 75 =====
Parameters: {'mu': 3.0684939370834456, 'nu': 0.6380971904315059}
Total training relative RMSE: 2.572421055712511
===== Training step 76 =====
Parameters: {'mu': 3.0875493078075493, 'nu': 0.6196031248610413}
Total training relative RMSE: 2.554273351406975
===== Training step 77 =====
Parameters: {'mu': 2.647592961884016, 'nu': 0.6295626455388116}
Total training relative RMSE: 2.640594657905739
===== Training step 78 =====
Parameters: {'mu': 2.635450205970227, 'nu': 0.6211661566438832}
Total training relative RMSE: 2.6919462745716163
===== Training step 79 =====
Parameters: {'mu': 3.0061569465587206, 'nu': 0.6117450264496883}
Total training relative RMSE: 2.559853471741177
===== Training step 80 =====
Parameters: {'mu': 1.8732253658829026, 'nu': 0.6390589509318513}
Total training relative RMSE: 3.5612747519368497
===== Training step 81 =====
Parameters: {'mu': 3.015307211759643, 'nu': 0.6320896827256995}
Total training relative RMSE: 2.5516188167808003
===== Training step 82 =====
Parameters: {'mu': 3.084397568319597, 'nu': 1.0138004988443319}
Total training relative RMSE: 4.999044362832491
===== Training step 83 =====
Parameters: {'mu': 3.138310613052768, 'nu': 0.6652392543355446}
Total training relative RMSE: 2.721030831703179
===== Training step 84 =====
Parameters: {'mu': 3.0493339056553643, 'nu': 0.6366320006970029}
Total training relative RMSE: 2.5641707860804828
===== Training step 85 =====
Parameters: {'mu': 3.012162455224307, 'nu': 0.6864888967926209}
Total training relative RMSE: 2.757271929924853
===== Training step 86 =====
Parameters: {'mu': 3.0920886591790815, 'nu': 0.6055871961730065}
Total training relative RMSE: 2.558259196233145
===== Training step 87 =====
Parameters: {'mu': 3.0327369790329377, 'nu': 0.6723611542014886}
Total training relative RMSE: 2.684497549461611
===== Training step 88 =====
Parameters: {'mu': 3.0022050614099722, 'nu': 0.6625449261702577}
Total training relative RMSE: 2.6178645053252687
===== Training step 89 =====
Parameters: {'mu': 3.170290871883819, 'nu': 0.7642368888869867}
Total training relative RMSE: 3.9195926650118014
===== Training step 90 =====
Parameters: {'mu': 3.0080882565871563, 'nu': 0.6994648424436979}
Total training relative RMSE: 2.8552379223277553
===== Training step 91 =====
Parameters: {'mu': 3.0793427500403743, 'nu': 0.5689405340436738}
Total training relative RMSE: 2.6544691497907564
===== Training step 92 =====
Parameters: {'mu': 3.1243547613442653, 'nu': 0.606632591632691}
Total training relative RMSE: 2.5567221755948752
===== Training step 93 =====
Parameters: {'mu': 3.43703210790441, 'nu': 0.6104543881103065}
Total training relative RMSE: 2.6436528716171654
===== Training step 94 =====
Parameters: {'mu': 2.7361148602903045, 'nu': 0.8999860520916826}
Total training relative RMSE: 4.792839691127104
===== Training step 95 =====
Parameters: {'mu': 2.767838867234524, 'nu': 0.6253734375619592}
Total training relative RMSE: 2.5937947857196404
===== Training step 96 =====
Parameters: {'mu': 2.680833423035243, 'nu': 0.6452889405982755}
Total training relative RMSE: 2.5633627671120705
===== Training step 97 =====
Parameters: {'mu': 2.7331967312108367, 'nu': 0.6692437670063313}
Total training relative RMSE: 2.5327759501441354
===== Training step 98 =====
Parameters: {'mu': 3.0974148335634384, 'nu': 0.6453069190894823}
Total training relative RMSE: 2.6033190170046163
===== Training step 99 =====
Parameters: {'mu': 3.018551974406109, 'nu': 0.6340990259770108}
Total training relative RMSE: 2.5539152902494964
===== Training step 100 =====
Parameters: {'mu': 2.7334361603982975, 'nu': 0.6139410905064014}
Total training relative RMSE: 2.660237187926811


Best training relative RMSE: 2.5328
Best training parameters: [2.7331967312108367, 0.6692437670063313]
