===== Training step 1 =====
Parameters: {'mu': 5.928446182250184, 'nu': 8.442657485810175}
Total training relative RMSE: 5.000468624362965
===== Training step 2 =====
Parameters: {'mu': 8.57945617622757, 'nu': 8.472517387841256}
Total training relative RMSE: 5.000607160435552
===== Training step 3 =====
Parameters: {'mu': 6.235636967859724, 'nu': 3.843817072926999}
Total training relative RMSE: 5.00046988112059
===== Training step 4 =====
Parameters: {'mu': 2.9753460654447235, 'nu': 0.5671297731744319}
Total training relative RMSE: 2.6808080479290206
===== Training step 5 =====
Parameters: {'mu': 2.7265629458011325, 'nu': 4.7766511732135}
Total training relative RMSE: 5.000510839944121
===== Training step 6 =====
Parameters: {'mu': 8.121687287754932, 'nu': 4.799771723750574}
Total training relative RMSE: 5.000565560876372
===== Training step 7 =====
Parameters: {'mu': 3.927847961008298, 'nu': 8.360787635373777}
Total training relative RMSE: 5.00048678856532
===== Training step 8 =====
Parameters: {'mu': 3.3739616041726843, 'nu': 6.4817187205119735}
Total training relative RMSE: 5.000504899076955
===== Training step 9 =====
Parameters: {'mu': 3.6824153984054804, 'nu': 9.571551589530465}
Total training relative RMSE: 5.000487424991732
===== Training step 10 =====
Parameters: {'mu': 1.4035078041264517, 'nu': 8.700872583584365}
Total training relative RMSE: 5.000162035369566
===== Training step 11 =====
Parameters: {'mu': 1.0590760718779215, 'nu': 3.1218988470880276}
Total training relative RMSE: 5.0001839085013104
===== Training step 12 =====
Parameters: {'mu': 3.0016836846745814, 'nu': 1.2505440660003355}
Total training relative RMSE: 5.000215973378157
===== Training step 13 =====
Parameters: {'mu': 3.0670626151162046, 'nu': 1.6037768573595415}
Total training relative RMSE: 5.000359369280659
===== Training step 14 =====
Parameters: {'mu': 0.4473142974335121, 'nu': 1.0495811735815266}
Total training relative RMSE: 4.015841677165956
===== Training step 15 =====
Parameters: {'mu': 3.322989229321523, 'nu': 0.2518270201481477}
Total training relative RMSE: 2.9706275513796916
===== Training step 16 =====
Parameters: {'mu': 3.2422007353502007, 'nu': 0.27808908802968385}
Total training relative RMSE: 2.9583274811494804
===== Training step 17 =====
Parameters: {'mu': 3.3190994905845965, 'nu': 0.3526058478082273}
Total training relative RMSE: 2.8270437963475135
===== Training step 18 =====
Parameters: {'mu': 3.3111500502243914, 'nu': 0.3556180856067293}
Total training relative RMSE: 2.8249399270832973
===== Training step 19 =====
Parameters: {'mu': 3.2558718859071116, 'nu': 0.09419154410713838}
Total training relative RMSE: 3.184685164216936
===== Training step 20 =====
Parameters: {'mu': 3.404322544269091, 'nu': 0.3665897946200603}
Total training relative RMSE: 2.787579484083716
===== Training step 21 =====
Parameters: {'mu': 3.679597928650899, 'nu': 0.35180294422856867}
Total training relative RMSE: 2.7510268593497202
===== Training step 22 =====
Parameters: {'mu': 5.836485002174107, 'nu': 0.358043271594698}
Total training relative RMSE: 3.0483375869789877
===== Training step 23 =====
Parameters: {'mu': 8.717053924430198, 'nu': 0.3497498477550854}
Total training relative RMSE: 4.168945866313687
===== Training step 24 =====
Parameters: {'mu': 3.310026768210494, 'nu': 0.5252230014722715}
Total training relative RMSE: 2.693532049853299
===== Training step 25 =====
Parameters: {'mu': 3.3452676386477593, 'nu': 0.5555524266664603}
Total training relative RMSE: 2.7294129769145012
===== Training step 26 =====
Parameters: {'mu': 3.164682769873655, 'nu': 0.5668371396388173}
Total training relative RMSE: 2.7057097168450186
===== Training step 27 =====
Parameters: {'mu': 3.1093969690564154, 'nu': 0.57835663402951}
Total training relative RMSE: 2.7080801146698965
===== Training step 28 =====
Parameters: {'mu': 2.3286423327849217, 'nu': 0.5725621572331686}
Total training relative RMSE: 2.76305292269108
===== Training step 29 =====
Parameters: {'mu': 3.1110665361782903, 'nu': 0.5710273953052093}
Total training relative RMSE: 2.7002791083343443
===== Training step 30 =====
Parameters: {'mu': 3.0695678697042865, 'nu': 0.6273374180321246}
Total training relative RMSE: 2.795958872413805
===== Training step 31 =====
Parameters: {'mu': 3.1746239779629875, 'nu': 0.6667521737160288}
Total training relative RMSE: 3.0147775533212053
===== Training step 32 =====
Parameters: {'mu': 1.7823731860745509, 'nu': 0.5742009677142758}
Total training relative RMSE: 3.020264189066414
===== Training step 33 =====
Parameters: {'mu': 3.055211367361437, 'nu': 0.6791194854026162}
Total training relative RMSE: 3.0015116448869184
===== Training step 34 =====
Parameters: {'mu': 3.0696614802479623, 'nu': 0.5752037916414011}
Total training relative RMSE: 2.697166400537261
===== Training step 35 =====
Parameters: {'mu': 5.534745031471502, 'nu': 0.5945104700106353}
Total training relative RMSE: 4.148170124900223
===== Training step 36 =====
Parameters: {'mu': 2.9271560857793437, 'nu': 0.5802217035252123}
Total training relative RMSE: 2.6812777761340034
===== Training step 37 =====
Parameters: {'mu': 2.875962185971082, 'nu': 0.527288402101659}
Total training relative RMSE: 2.7025293734893205
===== Training step 38 =====
Parameters: {'mu': 2.862465120428486, 'nu': 0.5946209999510211}
Total training relative RMSE: 2.6816639475534823
===== Training step 39 =====
Parameters: {'mu': 2.992172346966642, 'nu': 0.5783606766945216}
Total training relative RMSE: 2.6880369289816017
===== Training step 40 =====
Parameters: {'mu': 2.928073522133992, 'nu': 0.5820770726572845}
Total training relative RMSE: 2.682290194723115
===== Training step 41 =====
Parameters: {'mu': 2.9211004546166826, 'nu': 0.5927210853777977}
Total training relative RMSE: 2.6886251630559435
===== Training step 42 =====
Parameters: {'mu': 2.939703908988602, 'nu': 0.5989941173185754}
Total training relative RMSE: 2.698131200910427
===== Training step 43 =====
Parameters: {'mu': 2.8760566651312454, 'nu': 0.5864727860192221}
Total training relative RMSE: 2.6790203862747566
===== Training step 44 =====
Parameters: {'mu': 2.842178657616919, 'nu': 0.7170322473991798}
Total training relative RMSE: 3.072772142704302
===== Training step 45 =====
Parameters: {'mu': 3.042063982304664, 'nu': 0.5212440357560834}
Total training relative RMSE: 2.6897555597671676
===== Training step 46 =====
Parameters: {'mu': 2.9765726257216967, 'nu': 0.5840804273005885}
Total training relative RMSE: 2.690036682419903
===== Training step 47 =====
Parameters: {'mu': 2.9287611844427213, 'nu': 0.5855602737160926}
Total training relative RMSE: 2.6844826086926403
===== Training step 48 =====
Parameters: {'mu': 0.01706152967162145, 'nu': 0.5845365055816111}
Total training relative RMSE: 3.4865013506639104
===== Training step 49 =====
Parameters: {'mu': 2.964410527994073, 'nu': 0.6202596603023437}
Total training relative RMSE: 2.738890890344702
===== Training step 50 =====
Parameters: {'mu': 2.934031552704834, 'nu': 0.850403811783559}
Total training relative RMSE: 4.471185777149058
===== Training step 51 =====
Parameters: {'mu': 2.7696335711496407, 'nu': 0.6271614295994999}
Total training relative RMSE: 2.6965641352194196
===== Training step 52 =====
Parameters: {'mu': 2.7782976474614633, 'nu': 0.603295720629834}
Total training relative RMSE: 2.676660695631371
===== Training step 53 =====
Parameters: {'mu': 2.9750858689431965, 'nu': 0.6058496518918267}
Total training relative RMSE: 2.715305015464322
===== Training step 54 =====
Parameters: {'mu': 2.757507695706179, 'nu': 0.5814194828335874}
Total training relative RMSE: 2.6754566519497676
===== Training step 55 =====
Parameters: {'mu': 2.942816096960335, 'nu': 0.5990224329596273}
Total training relative RMSE: 2.6988227888121292
===== Training step 56 =====
Parameters: {'mu': 2.762916780945221, 'nu': 0.6062728442894006}
Total training relative RMSE: 2.6764302291174547
===== Training step 57 =====
Parameters: {'mu': 2.7783125668116, 'nu': 0.6253180845954932}
Total training relative RMSE: 2.696133652915983
===== Training step 58 =====
Parameters: {'mu': 3.0007389717361583, 'nu': 0.6002823274403236}
Total training relative RMSE: 2.7132279733452402
===== Training step 59 =====
Parameters: {'mu': 3.1181165406740323, 'nu': 0.5947036549004182}
Total training relative RMSE: 2.7354574238533518
===== Training step 60 =====
Parameters: {'mu': 2.750062509596311, 'nu': 0.5991613444970091}
Total training relative RMSE: 2.673228790997265
===== Training step 61 =====
Parameters: {'mu': 2.8360419465396896, 'nu': 0.6036769495183992}
Total training relative RMSE: 2.68439435485372
===== Training step 62 =====
Parameters: {'mu': 3.0070910651972986, 'nu': 0.5841070563183693}
Total training relative RMSE: 2.6949737912300282
===== Training step 63 =====
Parameters: {'mu': 2.8122984774266606, 'nu': 0.602255198386188}
Total training relative RMSE: 2.6800460536140456
===== Training step 64 =====
Parameters: {'mu': 2.997273766550341, 'nu': 0.5818017290127809}
Total training relative RMSE: 2.691335581769923
===== Training step 65 =====
Parameters: {'mu': 2.7698041275969105, 'nu': 0.6185648719774973}
Total training relative RMSE: 2.686506361260926
===== Training step 66 =====
Parameters: {'mu': 3.005864483466483, 'nu': 0.6163018699617552}
Total training relative RMSE: 2.74401148071303
===== Training step 67 =====
Parameters: {'mu': 2.8812090571492495, 'nu': 0.6303558716140957}
Total training relative RMSE: 2.733057803561488
===== Training step 68 =====
Parameters: {'mu': 2.7606172904538844, 'nu': 0.6845508333220564}
Total training relative RMSE: 2.8444709849632757
===== Training step 69 =====
Parameters: {'mu': 3.015460441152504, 'nu': 0.6847834204883131}
Total training relative RMSE: 3.0054849863052477
===== Training step 70 =====
Parameters: {'mu': 2.7045986153602968, 'nu': 0.7585166834247593}
Total training relative RMSE: 3.268824287674837
===== Training step 71 =====
Parameters: {'mu': 2.762778860825083, 'nu': 0.6049685673033179}
Total training relative RMSE: 2.6758487511441977
===== Training step 72 =====
Parameters: {'mu': 3.0062272569483834, 'nu': 0.6192380836863399}
Total training relative RMSE: 2.7506902886812448
===== Training step 73 =====
Parameters: {'mu': 2.767634294304893, 'nu': 0.5996402007479374}
Total training relative RMSE: 2.674417644948865
===== Training step 74 =====
Parameters: {'mu': 3.8626971058878388, 'nu': 0.6054513589556444}
Total training relative RMSE: 3.128833358115755
===== Training step 75 =====
Parameters: {'mu': 2.7728117663679956, 'nu': 0.6004763284436988}
Total training relative RMSE: 2.675053416872871
===== Training step 76 =====
Parameters: {'mu': 3.131027038127641, 'nu': 0.7376992829607844}
Total training relative RMSE: 3.4977133623429073
===== Training step 77 =====
Parameters: {'mu': 2.647592961884016, 'nu': 0.6295626455388116}
Total training relative RMSE: 2.675819918617943
===== Training step 78 =====
Parameters: {'mu': 2.688304393714727, 'nu': 0.5982730966684259}
Total training relative RMSE: 2.6717082469459887
===== Training step 79 =====
Parameters: {'mu': 2.6567062755144972, 'nu': 0.603763973271293}
Total training relative RMSE: 2.6705715832498993
===== Training step 80 =====
Parameters: {'mu': 2.6352223458124597, 'nu': 0.6095420873328706}
Total training relative RMSE: 2.6694869956289518
===== Training step 81 =====
Parameters: {'mu': 0.5702561211726765, 'nu': 0.5979667126238254}
Total training relative RMSE: 3.4856359622034203
===== Training step 82 =====
Parameters: {'mu': 2.6316322377954475, 'nu': 0.9366830340542177}
Total training relative RMSE: 4.814381410076876
===== Training step 83 =====
Parameters: {'mu': 2.6111058620410272, 'nu': 0.5989517947939772}
Total training relative RMSE: 2.673217711943957
===== Training step 84 =====
Parameters: {'mu': 2.4944461334092174, 'nu': 0.5841299130806977}
Total training relative RMSE: 2.701928415202927
===== Training step 85 =====
Parameters: {'mu': 2.6507924720882854, 'nu': 0.6317562839488157}
Total training relative RMSE: 2.678028961867872
===== Training step 86 =====
Parameters: {'mu': 2.601613252333182, 'nu': 0.5262678292055146}
Total training relative RMSE: 2.760857413690655
===== Training step 87 =====
Parameters: {'mu': 2.5765573997089968, 'nu': 0.6196161499495602}
Total training relative RMSE: 2.667328673546833
===== Training step 88 =====
Parameters: {'mu': 2.702488961609692, 'nu': 0.6604037193165636}
Total training relative RMSE: 2.7386864868322
===== Training step 89 =====
Parameters: {'mu': 2.5584090395635846, 'nu': 0.5944487591062609}
Total training relative RMSE: 2.680806322357469
===== Training step 90 =====
Parameters: {'mu': 2.7059002513504833, 'nu': 0.6256972658628758}
Total training relative RMSE: 2.6819329056697043
===== Training step 91 =====
Parameters: {'mu': 2.666990770352608, 'nu': 0.6440815530170442}
Total training relative RMSE: 2.6957637685964535
===== Training step 92 =====
Parameters: {'mu': 2.4612073085141364, 'nu': 0.6363036768021059}
Total training relative RMSE: 2.663330164434135
===== Training step 93 =====
Parameters: {'mu': 2.642132974983387, 'nu': 0.6328254818959224}
Total training relative RMSE: 2.6775074579697593
===== Training step 94 =====
Parameters: {'mu': 2.2628712097975416, 'nu': 0.6591292126725913}
Total training relative RMSE: 2.65812836743246
===== Training step 95 =====
Parameters: {'mu': 2.400942129387818, 'nu': 0.6685151329099172}
Total training relative RMSE: 2.667638933300456
===== Training step 96 =====
Parameters: {'mu': 2.592398717228645, 'nu': 0.8231930455549065}
Total training relative RMSE: 3.8410886782876266
===== Training step 97 =====
Parameters: {'mu': 2.3047745467657124, 'nu': 0.6736197442386794}
Total training relative RMSE: 2.6579372022507854
===== Training step 98 =====
Parameters: {'mu': 2.2325627290305543, 'nu': 0.6678041323627749}
Total training relative RMSE: 2.6552310497444456
===== Training step 99 =====
Parameters: {'mu': 2.3234612945088853, 'nu': 0.692762029221743}
Total training relative RMSE: 2.6800381065426344
===== Training step 100 =====
Parameters: {'mu': 2.5988576758463706, 'nu': 0.6166596431983707}
Total training relative RMSE: 2.668080605284791


Best training relative RMSE: 2.6552
Best training parameters: [2.2325627290305543, 0.6678041323627749]
